src/app/page.tsx(3,10): error TS2305: Module '"@/lib/dataFetcher"' has no exported member 'getKioskData'.
src/components/KioskMain.tsx(50,9): error TS2322: Type 'RefObject<HTMLDivElement | null>' is not assignable to type 'RefObject<HTMLDivElement>'.
  Type 'HTMLDivElement | null' is not assignable to type 'HTMLDivElement'.
    Type 'null' is not assignable to type 'HTMLDivElement'.
